Starting OrangeFox Recovery R12.0_1 [default, core: R12.0] (built on Mon Aug 17 03:21:00 2026 for CPH2269 [dev_ver: 2026-08-11 (388f8a3f) (branch: fox_12.1)]; pid 341)
TW_NO_USB_STORAGE := true
PRODUCT_USE_DYNAMIC_PARTITIONS := true
TW_INCLUDE_CRYPTO := true
I:TW_BRIGHTNESS_PATH := /sys/class/leds/lcd-backlight/brightness
I:Found brightness file at '/sys/class/leds/lcd-backlight/brightness'
I:TWFunc::Set_Brightness: Setting brightness control to 2500
I:TW_EXCLUDE_ENCRYPTED_BACKUPS := true
I:LANG: en
I:Startup Commands: 
=> Linking mtab
=> Processing /etc/recovery.fstab
I:Reading /etc/twrp.flags
I:Reading /etc/recovery.fstab
I:Processing '/system'
I:Created '/system_root' folder.
I:Unhandled flag: 'first_stage_mount'
I:Trying to prepare system from super partition
I:Symlinking /dev/block/dm-1 => /dev/block/bootdevice/by-name/system 
I:Symlinking /dev/block/dm-1 => /dev/block/by-name/system 
I:Processing '/vendor'
I:Unhandled flag: 'first_stage_mount'
I:Trying to prepare vendor from super partition
I:Symlinking /dev/block/dm-0 => /dev/block/bootdevice/by-name/vendor 
I:Symlinking /dev/block/dm-0 => /dev/block/by-name/vendor 
I:Processing '/product'
I:Created '/product' folder.
I:Unhandled flag: 'first_stage_mount'
I:Trying to prepare product from super partition
I:Symlinking /dev/block/dm-2 => /dev/block/bootdevice/by-name/product 
I:Symlinking /dev/block/dm-2 => /dev/block/by-name/product 
I:Processing '/odm'
I:Unhandled flag: 'first_stage_mount'
I:Unhandled flag: 'nofail'
I:Trying to prepare odm from super partition
I:Symlinking /dev/block/dm-3 => /dev/block/bootdevice/by-name/odm 
I:Symlinking /dev/block/dm-3 => /dev/block/by-name/odm 
I:Processing '/my_product'
I:Created '/my_product' folder.
I:Unhandled flag: 'first_stage_mount'
I:Unhandled flag: 'nofail'
I:Trying to prepare my_product from super partition
I:Symlinking /dev/block/dm-4 => /dev/block/bootdevice/by-name/my_product 
I:Symlinking /dev/block/dm-4 => /dev/block/by-name/my_product 
I:Processing '/my_engineering'
I:Created '/my_engineering' folder.
I:Unhandled flag: 'first_stage_mount'
I:Unhandled flag: 'nofail'
I:Trying to prepare my_engineering from super partition
I:Symlinking /dev/block/dm-5 => /dev/block/bootdevice/by-name/my_engineering 
I:Symlinking /dev/block/dm-5 => /dev/block/by-name/my_engineering 
I:Processing '/my_company'
I:Created '/my_company' folder.
I:Unhandled flag: 'first_stage_mount'
I:Unhandled flag: 'nofail'
I:Trying to prepare my_company from super partition
I:Symlinking /dev/block/dm-8 => /dev/block/bootdevice/by-name/my_company 
I:Symlinking /dev/block/dm-8 => /dev/block/by-name/my_company 
I:Processing '/my_carrier'
I:Created '/my_carrier' folder.
I:Unhandled flag: 'first_stage_mount'
I:Unhandled flag: 'nofail'
I:Trying to prepare my_carrier from super partition
I:Symlinking /dev/block/dm-9 => /dev/block/bootdevice/by-name/my_carrier 
I:Symlinking /dev/block/dm-9 => /dev/block/by-name/my_carrier 
I:Processing '/my_region'
I:Created '/my_region' folder.
I:Unhandled flag: 'first_stage_mount'
I:Unhandled flag: 'nofail'
I:Trying to prepare my_region from super partition
I:Symlinking /dev/block/dm-10 => /dev/block/bootdevice/by-name/my_region 
I:Symlinking /dev/block/dm-10 => /dev/block/by-name/my_region 
I:Processing '/my_heytap'
I:Created '/my_heytap' folder.
I:Unhandled flag: 'first_stage_mount'
I:Unhandled flag: 'nofail'
I:Trying to prepare my_heytap from super partition
I:Symlinking /dev/block/dm-7 => /dev/block/bootdevice/by-name/my_heytap 
I:Symlinking /dev/block/dm-7 => /dev/block/by-name/my_heytap 
I:Processing '/my_stock'
I:Created '/my_stock' folder.
I:Unhandled flag: 'first_stage_mount'
I:Unhandled flag: 'nofail'
I:Trying to prepare my_stock from super partition
I:Symlinking /dev/block/dm-6 => /dev/block/bootdevice/by-name/my_stock 
I:Symlinking /dev/block/dm-6 => /dev/block/by-name/my_stock 
I:Processing '/my_preload'
I:Created '/my_preload' folder.
I:Unhandled flag: 'first_stage_mount'
I:Unhandled flag: 'nofail'
I:Trying to prepare my_preload from super partition
I:Symlinking /dev/block/dm-11 => /dev/block/bootdevice/by-name/my_preload 
I:Symlinking /dev/block/dm-11 => /dev/block/by-name/my_preload 
I:Processing '/metadata'
I:Unhandled flag: 'first_stage_mount'
I:Processing '/cache'
I:Created '/cache' folder.
I:Unhandled flag: 'first_stage_mount'
I:Processing '/data'
I:FBE contents 'aes-256-xts', filenames 'aes-256-cts:v2+inlinecrypt_optimized'
I:setting Key_Directory to: /metadata/vold/metadata_encryption
I:Processing remaining twrp.flags
I:Processing '/boot'
I:Processing '/dtbo'
I:Processing '/external_sd'
I:Created '/external_sd' folder.
I:Processing '/logo'
I:Processing '/nvcfg'
I:Created '/nvcfg' folder.
I:Processing '/nvdata'
I:Created '/nvdata' folder.
I:Processing '/nvram'
I:Processing '/persistent'
I:Processing '/proinfo'
I:Processing '/protect_f'
I:Created '/protect_f' folder.
I:Processing '/protect_s'
I:Created '/protect_s' folder.
I:Processing '/recovery'
I:Processing '/usb_otg'
I:Created '/usb_otg' folder.
I:Processing '/vbmeta'
I:Processing '/vbmeta_system'
I:Processing '/vbmeta_vendor'
I:Unable to locate file: /odm/etc/build.prop
I:Unable to locate file: /odm/etc/build.prop
I:Unable to locate file: /odm/etc/build.prop
I:Unable to locate file: /odm/etc/build.prop
I:Unable to locate file: /odm/etc/build.prop
I:GetFstabPath: /odm/etc/fstab.mt6765
I:GetFstabPath: /vendor/etc/fstab.mt6765
I:Fstab: /vendor/etc/fstab.mt6765
I:Reading /etc/additional.fstab
I:Processing '/metadata'
I:Unhandled flag: 'first_stage_mount'
I:Processing '/data'
I:Unhandled flag: 'latemount'
I:Unhandled flag: 'reservedsize=128M'
I:Unhandled flag: 'checkpoint=fs'
I:FBE contents 'aes-256-xts', filenames 'aes-256-cts:v2+inlinecrypt_optimized'
I:setting Key_Directory to: /metadata/vold/metadata_encryption
I:Unhandled flag: 'fsverity'
I:Done processing fstab files
I:Property ro.boot.product.vendor.sku not found, trying to get vintf manifest file name from ro.board.platform
I:Separate manifest doesn't exist for 'android.hardware.keymaster'
I:/vendor/etc/vintf/manifest_mt6765.xml not found. Using default path for manifest.xml
I:PageManager::LoadFileToBuffer loading filename: '/vendor/etc/vintf/manifest.xml' directly
I:Looking for 'android.hardware.keymaster' service in manifest
I:Found version in manifest: 4.0
I:Keymaster_Ver::Using keymaster version '4.x' for decryption
Starting the UI...
Skipping adf graphics -- not present in build tree
cannot find/open a drm device: No such file or directory
fb0 reports (possibly inaccurate):
  vi.bits_per_pixel = 32
  vi.red.offset   =   0   .length =   8
  vi.green.offset =   8   .length =   8
  vi.blue.offset  =  16   .length =   8
setting GGL_PIXEL_FORMAT_RGBA_8888
double buffered
framebuffer: 4 (720 x 1600)
Using fbdev graphics.
I:TWFunc::Set_Brightness: Setting brightness control to 2500
TW_SCREEN_BLANK_ON_BOOT := true
I:TWFunc::Set_Brightness: Setting brightness control to 0
I:TWFunc::Set_Brightness: Setting brightness control to 2500
I:Loading package: splash (/twres/splash.xml)
I:Load XML directly
I:PageManager::LoadFileToBuffer loading filename: '/twres/splash.xml' directly
I:Checking resolution...
I:Scaling theme width 0.666667x and height 0.833333x, offsets x: 0 y: 0 w: 0 h: 0
I:Loading resources...
I:Loading variables...
I:Loading mouse cursor...
I:Loading pages...
I:Loading page splash
I:Switching packages (splash)
I:Can't probe device /dev/block/mmcblk0p46
I:Unable to mount '/data'
I:Actual block device: '/dev/block/mmcblk0p46', current file system: 'f2fs'
I:unable to open zip archive /system_root/system/apex/com.google.android.tzdata2.apex. Reason: No such file or directory
I:Skipping non-existent apex file: /system_root/system/apex/com.google.android.tzdata2.apex
I:unable to open zip archive /system_root/system/apex/com.android.art.release.apex. Reason: No such file or directory
I:Skipping non-existent apex file: /system_root/system/apex/com.android.art.release.apex
I:unable to open zip archive /system_root/system/apex/com.google.android.media.swcodec.apex. Reason: No such file or directory
I:Skipping non-existent apex file: /system_root/system/apex/com.google.android.media.swcodec.apex
I:unable to open zip archive /system_root/system/apex/com.android.media.swcodec.apex. Reason: No such file or directory
I:Skipping non-existent apex file: /system_root/system/apex/com.android.media.swcodec.apex
I:Using automatic handling for /data/media emulated storage device.
I:Setting up '/data' as data/media emulated storage.
I:Can't probe device /dev/block/mmcblk0p46
I:Unable to mount '/data'
I:Actual block device: '/dev/block/mmcblk0p46', current file system: 'f2fs'
I:Backup folder set to '/data/media/Fox/BACKUPS/9DVO8PRSIFVONRKJ'
I:Settings storage is '/data/media'
Using additional fstab for decryption /etc/additional.fstab 
I:Unable to decrypt metadata encryption
I:FBE setup failed. Trying FDE...
Updating partition details...
I:Can't probe device /dev/block/mmcblk0p46
I:Unable to mount '/data'
I:Actual block device: '/dev/block/mmcblk0p46', current file system: 'f2fs'
...done
I:Can't probe device /dev/block/mmcblk0p46
I:Unable to mount '/data'
I:Actual block device: '/dev/block/mmcblk0p46', current file system: 'f2fs'
Unable to mount storage
/super | /dev/block/by-name/super | Size: 0MB
   Flags: Can_Be_Backed_Up IsPresent Can_Flash_Img 
   Alternate_Block_Device: /dev/block/by-name/super
   Display_Name: super
   Backup_Path: /super
   Backup_Name: super
   Backup_Display_Name: Super (system vendor product odm)
   Current_File_System: emmc
   Backup_Method: dd

I:Unmounting main partitions...
I:Themes version mismatch (old='0'; new='2.0')
I:Mount: Unable to find partition for path '/persist'
I:Loading package: OrangeFox (/twres/ui.xml)
I:Load XML directly
I:PageManager::LoadFileToBuffer loading filename: '/twres/languages/zn_TW.xml' directly
I:PageManager::LoadFileToBuffer loading filename: '/twres/languages/zh_CN.xml' directly
I:PageManager::LoadFileToBuffer loading filename: '/twres/languages/ua.xml' directly
I:PageManager::LoadFileToBuffer loading filename: '/twres/languages/tr.xml' directly
I:PageManager::LoadFileToBuffer loading filename: '/twres/languages/ru.xml' directly
I:PageManager::LoadFileToBuffer loading filename: '/twres/languages/ro.xml' directly
I:PageManager::LoadFileToBuffer loading filename: '/twres/languages/pt_PT.xml' directly
I:PageManager::LoadFileToBuffer loading filename: '/twres/languages/pl.xml' directly
I:PageManager::LoadFileToBuffer loading filename: '/twres/languages/it.xml' directly
I:PageManager::LoadFileToBuffer loading filename: '/twres/languages/id.xml' directly
I:PageManager::LoadFileToBuffer loading filename: '/twres/languages/hu.xml' directly
I:PageManager::LoadFileToBuffer loading filename: '/twres/languages/fr.xml' directly
I:PageManager::LoadFileToBuffer loading filename: '/twres/languages/es-ES.xml' directly
I:PageManager::LoadFileToBuffer loading filename: '/twres/languages/en.xml' directly
I:PageManager::LoadFileToBuffer loading filename: '/twres/languages/el.xml' directly
I:PageManager::LoadFileToBuffer loading filename: '/twres/languages/de.xml' directly
I:PageManager::LoadFileToBuffer loading filename: '/twres/languages/cs.xml' directly
I:PageManager::LoadFileToBuffer loading filename: '/twres/languages/en.xml' directly
parsing languageFile
parsing languageFile done
I:PageManager::LoadFileToBuffer loading filename: '/twres/ui.xml' directly
I:Checking resolution...
I:Scaling theme width 0.666667x and height 0.833333x, offsets x: 0 y: 0 w: 0 h: 0
I:Loading resources...
I:Loading variables...
I:Loading mouse cursor...
I:Loading pages...
I:Including file: /sdcard/Fox/.navbar/navbar.xml...
I:PageManager::LoadFileToBuffer loading filename: '/sdcard/Fox/.navbar/navbar.xml' directly
I:PageManager::LoadFileToBuffer loading filename: '/twres/themes/navbar.xml' directly
I:Loading resources...
I:Loading variables...
I:Loading mouse cursor...
I:Loading pages...
I:Including file: /sdcard/Fox/.theme/font.xml...
I:PageManager::LoadFileToBuffer loading filename: '/sdcard/Fox/.theme/font.xml' directly
I:PageManager::LoadFileToBuffer loading filename: '/twres/themes/font.xml' directly
I:Loading resources...
I:Loading variables...
I:Loading mouse cursor...
I:Loading pages...
I:Including file: /sdcard/Fox/.theme/style.xml...
I:PageManager::LoadFileToBuffer loading filename: '/sdcard/Fox/.theme/style.xml' directly
I:PageManager::LoadFileToBuffer loading filename: '/twres/themes/style.xml' directly
I:Loading resources...
I:Failed to load image from Light/Progress/indeterminate033, error -1
I:Loading variables...
I:Loading mouse cursor...
I:Loading pages...
I:Including file: /sdcard/Fox/.theme/accent.xml...
I:PageManager::LoadFileToBuffer loading filename: '/sdcard/Fox/.theme/accent.xml' directly
I:PageManager::LoadFileToBuffer loading filename: '/twres/themes/accent.xml' directly
I:Loading resources...
I:Loading variables...
I:Loading mouse cursor...
I:Loading pages...
I:Including file: /twres/resources/vars.xml...
I:PageManager::LoadFileToBuffer loading filename: '/twres/resources/vars.xml' directly
I:Loading resources...
I:Loading variables...
I:Loading mouse cursor...
I:Loading pages...
I:Including file: /twres/resources/images.xml...
I:PageManager::LoadFileToBuffer loading filename: '/twres/resources/images.xml' directly
I:Loading resources...
I:Loading variables...
I:Loading mouse cursor...
I:Loading pages...
I:Including file: /twres/resources/styles.xml...
I:PageManager::LoadFileToBuffer loading filename: '/twres/resources/styles.xml' directly
I:Loading resources...
I:Loading variables...
I:Loading mouse cursor...
I:Loading pages...
I:Including file: /twres/pages/templates/base.xml...
I:PageManager::LoadFileToBuffer loading filename: '/twres/pages/templates/base.xml' directly
I:Loading resources...
I:Loading variables...
I:Loading mouse cursor...
I:Loading pages...
I:Including file: /twres/pages/templates/keyboard.xml...
I:PageManager::LoadFileToBuffer loading filename: '/twres/pages/templates/keyboard.xml' directly
I:Loading resources...
I:Loading variables...
I:Loading mouse cursor...
I:Loading pages...
I:Including file: /twres/pages/templates/navbar.xml...
I:PageManager::LoadFileToBuffer loading filename: '/twres/pages/templates/navbar.xml' directly
I:Loading resources...
I:Loading variables...
I:Loading mouse cursor...
I:Loading pages...
I:Including file: /twres/pages/templates/statusbar.xml...
I:PageManager::LoadFileToBuffer loading filename: '/twres/pages/templates/statusbar.xml' directly
I:Loading resources...
I:Loading variables...
I:Loading mouse cursor...
I:Loading pages...
I:Including file: /twres/pages/templates/templates.xml...
I:PageManager::LoadFileToBuffer loading filename: '/twres/pages/templates/templates.xml' directly
I:Loading resources...
I:Loading variables...
I:Loading mouse cursor...
I:Loading pages...
I:Including file: /twres/pages/main.xml...
I:PageManager::LoadFileToBuffer loading filename: '/twres/pages/main.xml' directly
I:Loading resources...
I:Loading variables...
I:Loading mouse cursor...
I:Loading pages...
I:Loading page main
I:Loading page navbar
I:Loading page welcome
I:Loading page aroma_busy
I:Loading page fastboot
I:Including file: /twres/pages/pass.xml...
I:PageManager::LoadFileToBuffer loading filename: '/twres/pages/pass.xml' directly
I:Loading resources...
I:Loading variables...
I:Loading mouse cursor...
I:Loading pages...
I:Loading page password_enter
I:Loading page password_enter_num
I:Loading page password_enter_pattern
I:Loading page password_check
I:Loading page pass_pattern
I:Loading page pass_pattern_2
I:Loading page pass_text
I:Loading page pass_text_2
I:Loading page pass_pin
I:Loading page pass_pin_2
I:Loading page pass_remove
I:Loading page pass_check
I:Including file: /twres/pages/install.xml...
I:PageManager::LoadFileToBuffer loading filename: '/twres/pages/install.xml' directly
I:Loading resources...
I:Loading variables...
I:Loading mouse cursor...
I:Loading pages...
I:Loading page flash_confirm
I:Loading page fox_modules_confirm
I:Loading page queueview
I:Loading page flash_image_confirm
I:Loading page flash_image_ab
I:Loading page add_zip
I:Loading page flash_zip
I:Loading page flash_image
I:Loading page flash_done
I:Loading page flash_sleep_and_reboot
I:Loading page flash_image_done
I:Including file: /twres/pages/wipe.xml...
I:PageManager::LoadFileToBuffer loading filename: '/twres/pages/wipe.xml' directly
I:Loading resources...
I:Loading variables...
I:Loading mouse cursor...
I:Loading pages...
I:Loading page wipe
I:Loading page formatdata
I:Loading page formatdata_confirm
I:Loading page wipe_confirm_action
I:Loading page wipe_action_page
I:Loading page wipe_action_complete
I:Loading page checkpartitionlist
I:Loading page partitionoptions
I:Loading page refreshfilesystem
I:Loading page selectfilesystem
I:Loading page part_options
I:Including file: /twres/pages/backup.xml...
I:PageManager::LoadFileToBuffer loading filename: '/twres/pages/backup.xml' directly
I:Loading resources...
I:Loading variables...
I:Loading mouse cursor...
I:Loading pages...
I:Loading page backup
I:Loading page check_storage_back
I:Loading page backup_prep
I:Loading page backupname
I:Loading page backupname_auto
I:Loading page backup_encryption
I:Loading page backup_encryption2
I:Loading page checkbackuppassword
I:Loading page checkbackuppassword2
I:Loading page backup_run
I:Loading page backup_digest
I:Loading page backup_action_complete
I:Including file: /twres/pages/restore.xml...
I:PageManager::LoadFileToBuffer loading filename: '/twres/pages/restore.xml' directly
I:Loading resources...
I:Loading variables...
I:Loading mouse cursor...
I:Loading pages...
I:Loading page restore
I:Loading page restore_prep
I:Loading page restore_read
I:Loading page restore_decrypt
I:Loading page try_restore_decrypt
I:Loading page restore_select
I:Loading page renamebackup
I:Loading page deletebackup
I:Loading page restore_run
I:Loading page restore_confirm_action
I:Loading page restore_action_page
I:Loading page restore_action_complete
I:Including file: /twres/pages/mount.xml...
I:PageManager::LoadFileToBuffer loading filename: '/twres/pages/mount.xml' directly
I:Loading resources...
I:Loading variables...
I:Loading mouse cursor...
I:Loading pages...
I:Loading page mount
I:Loading page usb_mount
I:Loading page system_readonly_check
I:Loading page system_readonly_check_ext_context
I:Loading page system_readonly
I:Loading page system_readonly_mount
I:Loading page decrypt
I:Loading page decrypt_pin
I:Loading page decrypt_pattern
I:Loading page decrypt_redirect
I:Loading page trydecrypt
I:Loading page reapply_settings
I:Loading page decrypt_users
I:Loading page decrypt_users2
I:Including file: /twres/pages/files.xml...
I:PageManager::LoadFileToBuffer loading filename: '/twres/pages/files.xml' directly
I:Loading resources...
I:Loading variables...
I:Loading mouse cursor...
I:Loading pages...
I:Loading page filemanagerlist
I:Loading page file_quick_actions
I:Loading page select_path
I:Loading page files_mkdir
I:Loading page fm_multiselection
I:Loading page fm_ms_actions
I:Loading page file_search
I:Loading page files_redirect
I:Loading page files_bookmarks_prepare
I:Loading page files_bookmarks
I:Loading page filemanageroptions
I:Loading page openas
I:Loading page fm_file_checksum
I:Loading page fm_file_checksum_calc
I:Loading page fm_file_info
I:Loading page choosedestinationfolder
I:Loading page filemanagerrenamefile
I:Loading page filemanagerrenamefolder
I:Loading page filemanagerchmod
I:Loading page filemanagerchmod_key
I:Loading page filemanagerconfirm
I:Loading page archive_confirm
I:Loading page archive_cmd
I:Loading page filemanageraction
I:Loading page filemanagercomplete
I:Loading page cat_file
I:Including file: /twres/pages/rmmanager.xml...
I:PageManager::LoadFileToBuffer loading filename: '/twres/pages/rmmanager.xml' directly
I:Loading resources...
I:Loading variables...
I:Loading mouse cursor...
I:Loading pages...
I:Loading page modules_mount
I:Loading page modules_unmount
I:Loading page root_modules
I:Unable to open '/data/adb/modules'
I:Unable to open '/data/adb/modules'
I:Loading page module_actions
I:Loading page module_delete
I:Including file: /twres/pages/advanced.xml...
I:PageManager::LoadFileToBuffer loading filename: '/twres/pages/advanced.xml' directly
I:Loading resources...
I:Loading variables...
I:Loading mouse cursor...
I:Loading pages...
I:Loading page advanced
I:Loading page part_manage
I:Loading page mod_survival
I:Loading page mod_factory_rp
I:Loading page mod_magisk
I:Loading page mod_unmagisk
I:Loading page mod_reset
I:Loading page mod_pass
I:Loading page mod_kernelsu
I:Loading page mod_kernelsu_next
I:Loading page mod_sukisu
I:Loading page fox_modules
I:Loading page fox_other_additions
I:Loading page partsdcard
I:Loading page terminal
I:Loading page sideload
I:Loading page fixcontexts
I:Loading page apps_load
I:Loading page apps_list
I:Unable to open '/tmp/listapps/list'
I:Unable to open '/tmp/listapps/list'
I:Including file: /twres/pages/reboot.xml...
I:PageManager::LoadFileToBuffer loading filename: '/twres/pages/reboot.xml' directly
I:Loading resources...
I:Loading variables...
I:Loading mouse cursor...
I:Loading pages...
I:Loading page reboot
I:Loading page set_slot
I:Including file: /twres/pages/settings.xml...
I:PageManager::LoadFileToBuffer loading filename: '/twres/pages/settings.xml' directly
I:Loading resources...
I:Loading variables...
I:Loading mouse cursor...
I:Loading pages...
I:Loading page settings
I:Loading page ext_context
I:Loading page ext_general
I:Loading page pass_select
I:Loading page ext_screen
I:Loading page ext_vibrate
I:Loading page ext_backup
I:Loading page ext_time
I:Loading page ext_time_offset
I:Loading page check_zone
I:Loading page ext_time_lang
I:Loading page ext_time_lang_busy
I:Loading page about
I:Loading page about_credits
I:Parsing file: /twres/credits.txt
I:Parsing file: /twres/translators.txt
I:Parsing file: /twres/changelog.txt
I:Loading page ext_gov
I:Loading page ext_backup_quick
I:Including file: /twres/pages/universal.xml...
I:PageManager::LoadFileToBuffer loading filename: '/twres/pages/universal.xml' directly
I:Loading resources...
I:Loading variables...
I:Loading mouse cursor...
I:Loading pages...
I:Loading page filecheck
I:Loading page rebootcheck
I:Loading page rebootcheckoverlay
I:Loading page no_os_warning
I:Loading page clear_vars
I:Loading page confirm_action
I:Loading page action_page
I:Loading page ota_simple
I:Loading page singleaction_page
I:Loading page action_complete
I:Including file: /twres/pages/anywhere.xml...
I:PageManager::LoadFileToBuffer loading filename: '/twres/pages/anywhere.xml' directly
I:Loading resources...
I:Loading variables...
I:Loading mouse cursor...
I:Loading pages...
I:Loading page lock
I:Loading page console
I:Including file: /twres/pages/dialogs.xml...
I:PageManager::LoadFileToBuffer loading filename: '/twres/pages/dialogs.xml' directly
I:Loading resources...
I:Loading variables...
I:Loading mouse cursor...
I:Loading pages...
I:Loading page menu
I:Loading page menu_sort
I:Loading page fm_sort
I:Loading page dialog_magisk_not_found
I:Loading page dialog_modules_cannot_mount
I:Loading page dialog_reset_average
I:Loading page dialog_lost_info
I:Loading page dialog_app
I:Loading page dialog_error_partition
I:Loading page pass_error
I:Loading page dialog_enable_hw_mode
I:Including file: /twres/pages/customization.xml...
I:PageManager::LoadFileToBuffer loading filename: '/twres/pages/customization.xml' directly
I:Loading resources...
I:Loading variables...
I:Loading mouse cursor...
I:Loading pages...
I:Loading page ext_custom_reset
I:Loading page ext_custom_gest
I:Loading page ext_custom
I:Loading page ext_custom_status
I:Loading page ext_custom_key
I:Loading page ext_custom_lock
I:Loading page ext_custom_nav
I:Loading page ext_custom_other
I:Loading page ext_custom_nav_error
I:Loading page ext_custom_nav_no_switch
I:Loading page ext_custom_fonts_check
I:Loading page ext_custom_fonts
I:Loading page ext_custom_fonts_sec
I:Loading page ext_custom_fonts_size
I:Loading page ext_custom_fonts_cn
I:Loading page ext_custom_theme
I:Loading page ext_custom_splash
I:Loading page ext_custom_splash_color
I:Loading page ext_custom_splash_logo
I:Loading page ext_custom_splash_select
I:Loading page apply_changes
I:Loading page apply_splash
I:Loading page get_splash_info
I:Including file: /twres/pages/fox.xml...
I:PageManager::LoadFileToBuffer loading filename: '/twres/pages/fox.xml' directly
I:Loading resources...
I:Loading variables...
I:Loading mouse cursor...
I:Loading pages...
I:Loading page fox_ota
I:Loading page fox_ota_lite
I:Loading page fox_lab
I:Loading page debug_pages
I:Loading page debug
I:Loading page debug_plus
I:Loading page scaling
I:Including file: /sbin/maintainer.xml...
I:PageManager::LoadFileToBuffer loading filename: '/sbin/maintainer.xml' directly
I:PageManager::LoadFileToBuffer loading filename: '/twres/pages/dummy.xml' directly
I:Loading resources...
I:Loading variables...
I:Loading mouse cursor...
I:Loading pages...
I:Loading page maintainer
I:Switching packages (OrangeFox)
I:PageManager::LoadFileToBuffer loading filename: '/twres/languages/en.xml' directly
parsing languageFile
parsing languageFile done
I:Translating partition display names
I:Backup folder set to '/data/media/Fox/BACKUPS/9DVO8PRSIFVONRKJ'
I:failed to find /misc partition
ro.boot.bootreason=reboot
ro.boot.mode=recovery
ro.boot.vbmeta.size=2432
ro.boot.vbmeta.digest=efcb94533e95fb3b62156c750b82f7c2375119e94d7d18b292de39bcebe14d0a
ro.boot.vbmeta.hash_alg=sha256
ro.boot.vbmeta.avb_version=1.1
ro.boot.vbmeta.device_state=unlocked
ro.boot.dtb_idx=0
ro.boot.prjname=20378
ro.boot.dtbo_idx=2
ro.boot.hardware=mt6765
ro.boot.sbootstate=on
ro.boot.veritymode=eio
ro.boot.veritymode.managed=yes
ro.boot.boot_devices=bootdevice,soc/11230000.mmc,11230000.mmc
ro.boot.opt_sim_count=2
ro.boot.meta_log_disable=0
ro.boot.verifiedbootstate=orange
ro.baseband=unknown
ro.bootmode=recovery
ro.hardware=mt6765
ro.revision=0
ro.bootloader=unknown
ro.boottime.adbd=3332091846
ro.boottime.init=2668361000
ro.boottime.init.selinux=140929615
ro.boottime.init.first_stage=44469000
ro.boottime.init.cold_boot_wait=267
ro.boottime.logd=3261025384
ro.boottime.ueventd=2978839384
ro.boottime.mobicore=3337842692
ro.boottime.recovery=3323108923
ro.boottime.keystore2=3284906230
ro.boottime.cryptoeng-1-0=3349444846
ro.boottime.gatekeeper-1-0=3345456615
ro.boottime.health-hal-2-1=3365317538
ro.boottime.servicemanager=3271211615
ro.boottime.hwservicemanager=3266088615
ro.boottime.vndservicemanager=3275841769
ro.boottime.keymaster-4-0-trustonic=3341622615
ro.bootimage.build.date.utc=1786936860
ro.odm.build.date=Mon Aug 17 02:26:19 UTC 2026
ro.odm.build.date.utc=1786933579
ro.odm.build.version.incremental=eng.runner.20260817.022927
ro.odm.build.fingerprint=OPPO/CPH2269/OP4F97:11/RP1A.200720.011/1629972958632:user/release-keys
ro.product.odm.name=fox_CPH2269
ro.product.odm.brand=oppo
ro.product.odm.model=OPPO A16
ro.product.odm.device=CPH2269
ro.product.odm.manufacturer=oppo
ro.adb.secure=0
ro.build.id=SP2A.220405.004
ro.build.date=Mon Aug 17 02:26:19 UTC 2026
ro.build.date.utc=1786936860
ro.build.host=runnervmp9m8c
ro.build.tags=test-keys
ro.build.type=eng
ro.build.user=runner
ro.build.flavor=fox_CPH2269-eng
ro.build.display.id=fox_CPH2269-eng 11 SP2A.220405.004 eng.runner.20260817.022927 test-keys
ro.build.product=CPH2269
ro.build.version.sdk=32
ro.build.version.base_os=
ro.build.version.release=12
ro.build.version.codename=REL
ro.build.version.incremental=eng.runner.20260817.022927
ro.build.version.preview_sdk=0
ro.build.version.all_codenames=REL
ro.build.version.security_patch=2099-12-31
ro.build.version.release_or_codename=11
ro.build.version.preview_sdk_fingerprint=REL
ro.build.version.min_supported_target_sdk=23
ro.build.description=CPH2269-user 11 RP1A.200720.011 1629972958632 release-keys
ro.build.characteristics=default
ro.secure=0
ro.system.build.id=SP2A.220405.004
ro.system.build.date=Mon Aug 17 02:26:19 UTC 2026
ro.system.build.date.utc=1786933579
ro.system.build.tags=test-keys
ro.system.build.type=eng
ro.system.build.version.sdk=32
ro.system.build.version.release=12
ro.system.build.version.incremental=eng.runner.20260817.022927
ro.system.build.version.release_or_codename=11
ro.system.build.fingerprint=OPPO/CPH2269/OP4F97:11/RP1A.200720.011/1629972958632:user/release-keys
ro.treble.enabled=true
ro.product.cpu.abi=arm64-v8a
ro.product.cpu.abilist=arm64-v8a,armeabi-v7a,armeabi
ro.product.cpu.abilist32=armeabi-v7a,armeabi
ro.product.cpu.abilist64=arm64-v8a
ro.product.name=fox_CPH2269
ro.product.brand=oppo
ro.product.build.id=SP2A.220405.004
ro.product.build.date=Mon Aug 17 02:26:19 UTC 2026
ro.product.build.date.utc=1786933579
ro.product.build.tags=test-keys
ro.product.build.type=eng
ro.product.build.version.sdk=32
ro.product.build.version.release=12
ro.product.build.version.incremental=eng.runner.20260817.022927
ro.product.build.version.release_or_codename=11
ro.product.build.fingerprint=OPPO/CPH2269/OP4F97:11/RP1A.200720.011/1629972958632:user/release-keys
ro.product.model=OPPO A16
ro.product.device=CPH2269
ro.product.system.name=fox_CPH2269
ro.product.system.brand=oppo
ro.product.system.model=OPPO A16
ro.product.system.device=CPH2269
ro.product.system.manufacturer=oppo
ro.product.product.name=fox_CPH2269
ro.product.product.brand=oppo
ro.product.product.model=OPPO A16
ro.product.product.device=CPH2269
ro.product.product.manufacturer=oppo
ro.product.system_ext.name=fox_CPH2269
ro.product.system_ext.brand=oppo
ro.product.system_ext.model=OPPO A16
ro.product.system_ext.device=CPH2269
ro.product.system_ext.manufacturer=oppo
ro.product.manufacturer=oppo
ro.debuggable=1
ro.system_ext.build.id=SP2A.220405.004
ro.system_ext.build.date=Mon Aug 17 02:26:19 UTC 2026
ro.system_ext.build.date.utc=1786933579
ro.system_ext.build.tags=test-keys
ro.system_ext.build.type=eng
ro.system_ext.build.version.sdk=32
ro.system_ext.build.version.release=12
ro.system_ext.build.version.incremental=eng.runner.20260817.022927
ro.system_ext.build.version.release_or_codename=11
ro.system_ext.build.fingerprint=OPPO/CPH2269/OP4F97:11/RP1A.200720.011/1629972958632:user/release-keys
ro.actionable_compatible_property.enabled=true
ro.vendor.build.id=SP2A.220405.004
ro.vendor.build.date=Mon Aug 17 02:26:19 UTC 2026
ro.vendor.build.date.utc=1786933579
ro.vendor.build.tags=test-keys
ro.vendor.build.type=eng
ro.vendor.build.version.sdk=32
ro.vendor.build.version.release=12
ro.vendor.build.version.incremental=eng.runner.20260817.022927
ro.vendor.build.version.release_or_codename=11
ro.vendor.build.fingerprint=OPPO/CPH2269/OP4F97:11/RP1A.200720.011/1629972958632:user/release-keys
ro.vendor.product.cpu.abilist=arm64-v8a,armeabi-v7a,armeabi
ro.vendor.product.cpu.abilist32=armeabi-v7a,armeabi
ro.vendor.product.cpu.abilist64=arm64-v8a
ro.product.board=k65v1_64_bsp
ro.product.vendor.name=fox_CPH2269
ro.product.vendor.brand=oppo
ro.product.vendor.model=OPPO A16
ro.product.vendor.device=CPH2269
ro.product.vendor.manufacturer=oppo
ro.product.first_api_level=30
ro.cold_boot_done=true
ro.bionic.arch=arm64
ro.bionic.2nd_arch=arm
ro.bionic.cpu_variant=generic
ro.bionic.2nd_cpu_variant=generic
ro.dalvik.vm.native.bridge=0
ro.zygote=zygote64_32
dalvik.vm.isa.arm.variant=generic
dalvik.vm.isa.arm.features=default
dalvik.vm.isa.arm64.variant=generic
dalvik.vm.isa.arm64.features=default
dalvik.vm.dexopt.secondary=true
dalvik.vm.dexopt.thermal-cutoff=2
dalvik.vm.usejit=true
dalvik.vm.madvise.artfile.size=4294967295
dalvik.vm.madvise.odexfile.size=104857600
dalvik.vm.madvise.vdexfile.size=104857600
dalvik.vm.lockprof.threshold=500
dalvik.vm.dex2oat-Xms=64m
dalvik.vm.dex2oat-Xmx=512m
dalvik.vm.minidebuginfo=true
dalvik.vm.appimageformat=lz4
dalvik.vm.usejitprofiles=true
dalvik.vm.image-dex2oat-Xms=64m
dalvik.vm.image-dex2oat-Xmx=64m
dalvik.vm.image-dex2oat-filter=extract
dalvik.vm.dex2oat-minidebuginfo=true
dalvik.vm.dex2oat-max-image-block-size=524288
dalvik.vm.dex2oat-resolve-startup-strings=true
dalvik.vm.dex2oat-updatable-bcp-packages-file=/system/etc/updatable-bcp-packages.txt
persist.sys.dalvik.vm.lib.2=libart.so
debug.atrace.tags.enableflags=0
ro.sys.usb.mtp.whql.enable=0
ro.sys.usb.storage.type=mtp
ro.twrp.fastbootd=0
ro.wifi.channels=
ro.allow.mock.location=1
ro.build.date.utc_fox=1786936860
ro.build.fox_id=d64f9deb-ef58-4e07-854a-b288ea814602
ro.build.selinux=1
ro.build.fox_codebase=2026-08-11 (388f8a3f)
ro.iorapd.enable=true
ro.kernel.android.checkjni=1
ro.kernel.version=4.19
ro.system.product.cpu.abilist=arm64-v8a,armeabi-v7a,armeabi
ro.system.product.cpu.abilist32=armeabi-v7a,armeabi
ro.system.product.cpu.abilist64=arm64-v8a
ro.product.locale=en-US
ro.mediatek.platform=MT6765
ro.bootimage.build.date.utc_fox=1786936860
ro.fastbootd.available=1
ro.orangefox.boot=1
ro.orangefox.boot.header.version=0
ro.orangefox.type=Unofficial
ro.orangefox.build=orangefox
ro.orangefox.release.version=R12.0_1
ro.orangefox.variant=default
ro.orangefox.crypto_enabled=1
ro.orangefox.substitute_permissions=1
ro.postinstall.fstab.prefix=/system
fbe.contents=aes-256-xts
fbe.filenames=aes-256-cts:v2+inlinecrypt_optimized
twrp.apex.loaded=true
twrp.super.symlinks_created=true
fstab.additional=1
orangefox.super.partition=true
orangefox.crash_counter=0
keymaster_ver=4.x
tw_boot_header_version=0
ro.boot.product.hardware.sku=dsds
ro.boot.dynamic_partitions=true
ro.hwui.use_vulkan=
ro.board.platform=mt6765
ro.carrier=unknown
pm.dexopt.ab-ota=speed-profile
pm.dexopt.shared=speed
pm.dexopt.cmdline=verify
pm.dexopt.install=speed-profile
pm.dexopt.inactive=verify
pm.dexopt.bg-dexopt=speed-profile
pm.dexopt.first-boot=extract
pm.dexopt.install-bulk=speed-profile
pm.dexopt.install-fast=skip
pm.dexopt.install-bulk-secondary=verify
pm.dexopt.install-bulk-downgraded=verify
pm.dexopt.install-bulk-secondary-downgraded=extract
sys.usb.ffs.ready=1
ro.build.fingerprint=oppo/fox_CPH2269/CPH2269:11/SP2A.220405.004/eng.runner.20260817.022927:eng/test-keys
ro.gsid.image_running=0
gsid.image_installed=0
hwservicemanager.ready=true
init.svc.logd=running
init.svc.ueventd=running
init.svc.mobicore=running
init.svc.recovery=running
init.svc.keystore2=running
init.svc.cryptoeng-1-0=restarting
init.svc.gatekeeper-1-0=running
init.svc.health-hal-2-1=running
init.svc.servicemanager=running
init.svc.hwservicemanager=running
init.svc.vndservicemanager=running
init.svc.keymaster-4-0-trustonic=running
init.svc.adbd=running
init.svc_debug_pid.adbd=454
init.svc_debug_pid.logd=330
init.svc_debug_pid.ueventd=319
init.svc_debug_pid.mobicore=343
init.svc_debug_pid.recovery=341
init.svc_debug_pid.keystore2=337
init.svc_debug_pid.cryptoeng-1-0=457
init.svc_debug_pid.gatekeeper-1-0=345
init.svc_debug_pid.health-hal-2-1=351
init.svc_debug_pid.servicemanager=332
init.svc_debug_pid.hwservicemanager=331
init.svc_debug_pid.vndservicemanager=333
init.svc_debug_pid.keymaster-4-0-trustonic=344
keyguard.no_require_sim=true
keystore.crash_count=0
log.tag.stats_log=I
ro.logd.size.stats=64K
ro.logd.kernel=true
persist.debug.dalvik.vm.core_platform_api_policy=just-warn
pm.dexopt.post-boot=extract
pm.dexopt.boot-after-ota=extract
ro.property_service.version=2
ro.minui.overscan_percent=0
ro.boot.serialno=9DVO8PRSIFVONRKJ
ro.serialno=9DVO8PRSIFVONRKJ
service.adb.root=1
ro.sf.lcd_density=320
dev.mnt.blk.odm=
dev.mnt.blk.vendor=
dev.mnt.blk.system_root=
net.bt.name=Android
persist.sys.usb.config=adb
persist.sys.disable_rescue=true
persist.sys.isUsbOtgEnabled=true
ro.config.ringtone=Ring_Synth_04.ogg
ro.config.alarm_alert=Alarm_Classic.ogg
ro.config.notification_sound=OnTheHunt.ogg
ro.com.android.dataroaming=true
tombstoned.max_tombstone_count=50
persist.traced.enable=1
sys.usb.state=adb
sys.usb.config=adb
sys.usb.configfs=0
sys.usb.controller=musb-hdrc
ro.odm.build.id=SP2A.220405.004
ro.odm.build.tags=test-keys
ro.odm.build.type=eng
ro.odm.build.version.sdk=32
ro.odm.build.version.release=12
ro.odm.build.version.release_or_codename=11
ro.odm.product.cpu.abilist=arm64-v8a,armeabi-v7a,armeabi
ro.odm.product.cpu.abilist32=armeabi-v7a,armeabi
ro.odm.product.cpu.abilist64=arm64-v8a
ro.vendor.build.security_patch=2099-12-31
ro.vndk.version=32
ro.product.vndk.version=32
ro.crypto.type=file
ro.crypto.state=encrypted

I:Overriding ro.build.date.utc with value: "0"
I:Overriding ro.bootimage.build.date.utc with value: "0"
I:Overriding ro.vendor.build.date.utc with value: "0"
I:Overriding ro.system.build.date.utc with value: "0"
I:Overriding ro.system_ext.build.date.utc with value: "0"
I:Overriding ro.product.build.date.utc with value: "0"
I:Overriding ro.odm.build.date.utc with value: "0"
I:DEBUG: OrangeFox: running the startup script...
FOX_BUILD_DATE=Mon Aug 17 03:21:00 2026
DEBUG: OrangeFox: FOX_DEVICE=CPH2269
DEBUG: OrangeFox: FOX_KERNEL=4.19.127+
DEBUG: OrangeFox: SYSTEM_ROOT=1
DEBUG: OrangeFox: PROPER_SAR=1
DEBUG: OrangeFox: FOX_SCRIPT_DATE=20260324
DEBUG: OrangeFox: ANDROID_SDK=30
DEBUG: OrangeFox: INCREMENTAL_VERSION=1629972958632
DEBUG: OrangeFox: RELEASE_VERSION=11
DEBUG: OrangeFox: BUILD_FLAVOR=treble_arm64_bgS-userdebug
DEBUG: OrangeFox: ROM_FINGERPRINT=alps/vnd_oppo6765/oppo6765:11/RP1A.200720.011/1629972958632:user/release-keys
DEBUG: OrangeFox: check for MIUI.
DEBUG: OrangeFox: detected a Custom ROM.
DEBUG: OrangeFox: Fox properties:
[orangefox.crash_counter]: [0]
[orangefox.miui.rom]: [0]
[orangefox.postinit.status]: [1]
[orangefox.product.block_device]: [/dev/block/dm-2]
[orangefox.product.mount_point]: [/product]
[orangefox.product.partition]: [1]
[orangefox.rom.sdk]: [30]
[orangefox.super.block_device]: [/dev/block/by-name/super]
[orangefox.super.mount_point]: [/super]
[orangefox.super.partition]: [true]
[orangefox.system.block_device]: [/dev/block/dm-1]
[orangefox.system.fingerprint]: [alps/vnd_oppo6765/oppo6765:11/RP1A.200720.011/1629972958632:user/release-keys]
[orangefox.system.incremental]: [1629972958632]
[orangefox.system.mount_point]: [/system_root]
[orangefox.system.release]: [11]
[orangefox.vendor.block_device]: [/dev/block/dm-0]
[orangefox.vendor.mount_point]: [/vendor]
[ro.orangefox.boot]: [1]
[ro.orangefox.boot.header.version]: [0]
[ro.orangefox.build]: [orangefox]
[ro.orangefox.crypto_enabled]: [1]
[ro.orangefox.home]: [/sdcard/Fox]
[ro.orangefox.kernel]: [4.19.127+]
[ro.orangefox.release.version]: [R12.0_1]
[ro.orangefox.sar]: [1]
[ro.orangefox.settings]: [/sdcard/Fox]
[ro.orangefox.substitute_permissions]: [1]
[ro.orangefox.type]: [Unofficial]
[ro.orangefox.variant]: [default]
I:Process ended with no errors.
I:- Using the ROM's incremental version (1629972958632)
I:- Using the ROM's fingerprint (alps/vnd_oppo6765/oppo6765:11/RP1A.200720.011/1629972958632:user/release-keys)
I:Process ended with no errors.
copying '/data/misc/keystore/persistent.sqlite' to '/tmp/misc/keystore/persistent.sqlite'
SELinux contexts loaded from /file_contexts
Full SELinux support is present.
I:Can't probe device /dev/block/mmcblk0p46
I:Unable to mount '/data'
I:Actual block device: '/dev/block/mmcblk0p46', current file system: 'f2fs'
I:Unable to mount settings storage during GUI startup.
I:Unable to mount '/system_root'
I:Actual block device: '/dev/block/dm-1', current file system: 'ext4'
I:Unable to mount '/vendor'
I:Actual block device: '/dev/block/dm-0', current file system: 'ext4'
I:Unable to mount '/product'
I:Actual block device: '/dev/block/dm-2', current file system: 'ext4'
I:Unable to mount '/odm'
I:Actual block device: '/dev/block/dm-3', current file system: 'ext4'
I:Unable to mount '/my_product'
I:Actual block device: '/dev/block/dm-4', current file system: 'ext4'
I:Unable to mount '/my_engineering'
I:Actual block device: '/dev/block/dm-5', current file system: 'ext4'
I:Unable to mount '/my_company'
I:Actual block device: '/dev/block/dm-8', current file system: 'ext4'
I:Unable to mount '/my_carrier'
I:Actual block device: '/dev/block/dm-9', current file system: 'ext4'
I:Unable to mount '/my_region'
I:Actual block device: '/dev/block/dm-10', current file system: 'ext4'
I:Unable to mount '/my_heytap'
I:Actual block device: '/dev/block/dm-7', current file system: 'ext4'
I:Unable to mount '/my_stock'
I:Actual block device: '/dev/block/dm-6', current file system: 'ext4'
I:Unable to mount '/my_preload'
I:Actual block device: '/dev/block/dm-11', current file system: 'ext4'


Partition Logs:
/system_root | /dev/block/dm-1 | Size: 3084MB Used: 3052MB Free: 32MB Backup Size: 3052MB
   Flags: Can_Be_Mounted IsPresent Mount_Read_Only Is_Super 
   Primary_Block_Device: /dev/block/dm-1
   Display_Name: System
   Storage_Name: System
   Backup_Path: /system_root
   Backup_Name: system
   Backup_Display_Name: System
   Storage_Path: /system_root
   Current_File_System: ext4
   Fstab_File_System: ext4
   Backup_Method: files

/vendor | /dev/block/dm-0 | Size: 527MB Used: 526MB Free: 1MB Backup Size: 526MB
   Flags: Can_Be_Mounted IsPresent Mount_Read_Only Is_Super 
   Primary_Block_Device: /dev/block/dm-0
   Display_Name: Vendor
   Storage_Name: Vendor
   Backup_Path: /vendor
   Backup_Name: vendor
   Backup_Display_Name: Vendor
   Storage_Path: /vendor
   Current_File_System: ext4
   Fstab_File_System: ext4
   Backup_Method: files

/product | /dev/block/dm-2 | Size: 1MB Used: 1MB Free: 0MB Backup Size: 1MB
   Flags: Can_Be_Mounted IsPresent Mount_Read_Only Is_Super 
   Primary_Block_Device: /dev/block/dm-2
   Display_Name: Product
   Storage_Name: Product
   Backup_Path: /product
   Backup_Name: Product
   Backup_Display_Name: Product
   Storage_Path: /product
   Current_File_System: ext4
   Fstab_File_System: ext4
   Backup_Method: files

/odm | /dev/block/dm-3 | Size: 134MB Used: 133MB Free: 0MB Backup Size: 133MB
   Flags: Can_Be_Mounted IsPresent Mount_Read_Only Is_Super 
   Primary_Block_Device: /dev/block/dm-3
   Display_Name: ODM
   Storage_Name: ODM
   Backup_Path: /odm
   Backup_Name: ODM
   Backup_Display_Name: ODM
   Storage_Path: /odm
   Current_File_System: ext4
   Fstab_File_System: ext4
   Backup_Method: files

/my_product | /dev/block/dm-4 | Size: 33MB Used: 32MB Free: 0MB Backup Size: 32MB
   Flags: Can_Be_Mounted IsPresent Mount_Read_Only Is_Super 
   Primary_Block_Device: /dev/block/dm-4
   Display_Name: my_product
   Storage_Name: my_product
   Backup_Path: /my_product
   Backup_Name: my_product
   Backup_Display_Name: my_product
   Storage_Path: /my_product
   Current_File_System: ext4
   Fstab_File_System: ext4
   Backup_Method: files

/my_engineering | /dev/block/dm-5 | Size: 0MB Used: 0MB Free: 0MB Backup Size: 0MB
   Flags: Can_Be_Mounted IsPresent Mount_Read_Only Is_Super 
   Primary_Block_Device: /dev/block/dm-5
   Display_Name: my_engineering
   Storage_Name: my_engineering
   Backup_Path: /my_engineering
   Backup_Name: my_engineering
   Backup_Display_Name: my_engineering
   Storage_Path: /my_engineering
   Current_File_System: ext4
   Fstab_File_System: ext4
   Backup_Method: files

/my_company | /dev/block/dm-8 | Size: 0MB Used: 0MB Free: 0MB Backup Size: 0MB
   Flags: Can_Be_Mounted IsPresent Mount_Read_Only Is_Super 
   Primary_Block_Device: /dev/block/dm-8
   Display_Name: my_company
   Storage_Name: my_company
   Backup_Path: /my_company
   Backup_Name: my_company
   Backup_Display_Name: my_company
   Storage_Path: /my_company
   Current_File_System: ext4
   Fstab_File_System: ext4
   Backup_Method: files

/my_carrier | /dev/block/dm-9 | Size: 0MB Used: 0MB Free: 0MB Backup Size: 0MB
   Flags: Can_Be_Mounted IsPresent Mount_Read_Only Is_Super 
   Primary_Block_Device: /dev/block/dm-9
   Display_Name: my_carrier
   Storage_Name: my_carrier
   Backup_Path: /my_carrier
   Backup_Name: my_carrier
   Backup_Display_Name: my_carrier
   Storage_Path: /my_carrier
   Current_File_System: ext4
   Fstab_File_System: ext4
   Backup_Method: files

/my_region | /dev/block/dm-10 | Size: 637MB Used: 635MB Free: 1MB Backup Size: 635MB
   Flags: Can_Be_Mounted IsPresent Mount_Read_Only Is_Super 
   Primary_Block_Device: /dev/block/dm-10
   Display_Name: my_region
   Storage_Name: my_region
   Backup_Path: /my_region
   Backup_Name: my_region
   Backup_Display_Name: my_region
   Storage_Path: /my_region
   Current_File_System: ext4
   Fstab_File_System: ext4
   Backup_Method: files

/my_heytap | /dev/block/dm-7 | Size: 959MB Used: 956MB Free: 2MB Backup Size: 956MB
   Flags: Can_Be_Mounted IsPresent Mount_Read_Only Is_Super 
   Primary_Block_Device: /dev/block/dm-7
   Display_Name: my_heytap
   Storage_Name: my_heytap
   Backup_Path: /my_heytap
   Backup_Name: my_heytap
   Backup_Display_Name: my_heytap
   Storage_Path: /my_heytap
   Current_File_System: ext4
   Fstab_File_System: ext4
   Backup_Method: files

/my_stock | /dev/block/dm-6 | Size: 842MB Used: 839MB Free: 2MB Backup Size: 839MB
   Flags: Can_Be_Mounted IsPresent Mount_Read_Only Is_Super 
   Primary_Block_Device: /dev/block/dm-6
   Display_Name: my_stock
   Storage_Name: my_stock
   Backup_Path: /my_stock
   Backup_Name: my_stock
   Backup_Display_Name: my_stock
   Storage_Path: /my_stock
   Current_File_System: ext4
   Fstab_File_System: ext4
   Backup_Method: files

/my_preload | /dev/block/dm-11 | Size: 208MB Used: 207MB Free: 0MB Backup Size: 207MB
   Flags: Can_Be_Mounted IsPresent Mount_Read_Only Is_Super 
   Primary_Block_Device: /dev/block/dm-11
   Display_Name: my_preload
   Storage_Name: my_preload
   Backup_Path: /my_preload
   Backup_Name: my_preload
   Backup_Display_Name: my_preload
   Storage_Path: /my_preload
   Current_File_System: ext4
   Fstab_File_System: ext4
   Backup_Method: files

/cache | /dev/block/mmcblk0p45 | Size: 361MB Used: 2MB Free: 359MB Backup Size: 2MB
   Flags: Can_Be_Mounted Can_Be_Wiped Can_Be_Backed_Up Wipe_During_Factory_Reset Wipe_Available_in_GUI IsPresent 
   Primary_Block_Device: /dev/block/mmcblk0p45
   Display_Name: Cache
   Storage_Name: Cache
   Backup_Path: /cache
   Backup_Name: cache
   Backup_Display_Name: Cache
   Storage_Path: /cache
   Current_File_System: ext4
   Fstab_File_System: ext4
   Backup_Method: files
   Mount_Flags: 1030, Mount_Options: noauto_da_alloc,discard

/boot | /dev/block/mmcblk0p37 | Size: 32MB
   Flags: Can_Be_Backed_Up IsPresent Can_Flash_Img 
   Primary_Block_Device: /dev/block/mmcblk0p37
   Display_Name: Boot
   Storage_Name: Boot
   Backup_Path: /boot
   Backup_Name: boot
   Backup_Display_Name: Boot
   Storage_Path: /boot
   Current_File_System: emmc
   Fstab_File_System: emmc
   Backup_Method: dd

/dtbo | /dev/block/mmcblk0p40 | Size: 8MB
   Flags: Can_Be_Backed_Up IsPresent Can_Flash_Img 
   Primary_Block_Device: /dev/block/mmcblk0p40
   Display_Name: DTBO
   Storage_Name: DTBO
   Backup_Path: /dtbo
   Backup_Name: dtbo
   Backup_Display_Name: DTBO
   Storage_Path: /dtbo
   Current_File_System: emmc
   Fstab_File_System: emmc
   Backup_Method: dd

/external_sd | /dev/block/mmcblk1p1 | Size: 1909MB Used: 394MB Free: 1515MB Backup Size: 394MB
   Flags: Can_Be_Mounted Can_Be_Wiped Wipe_Available_in_GUI Removable IsPresent Is_Storage 
   Primary_Block_Device: /dev/block/mmcblk1p1
   Alternate_Block_Device: /dev/block/mmcblk1
   Display_Name: Micro SDCard
   Storage_Name: Micro SDCard
   Backup_Path: /external_sd
   Backup_Name: external_sd
   Backup_Display_Name: Data
   Storage_Path: /external_sd
   Current_File_System: vfat
   Fstab_File_System: auto
   Backup_Method: files
   MTP_Storage_ID: 65537

/logo | /dev/block/mmcblk0p39 | Size: 16MB
   Flags: Can_Be_Backed_Up IsPresent 
   Primary_Block_Device: /dev/block/mmcblk0p39
   Display_Name: Logo
   Storage_Name: Logo
   Backup_Path: /logo
   Backup_Name: logo
   Backup_Display_Name: Logo
   Storage_Path: /logo
   Current_File_System: emmc
   Fstab_File_System: emmc
   Backup_Method: dd

/nvcfg | /dev/block/mmcblk0p12 | Size: 23MB Used: 0MB Free: 23MB Backup Size: 0MB
   Flags: Can_Be_Mounted Can_Be_Wiped Can_Be_Backed_Up Is_SubPartition IsPresent 
   SubPartition_Of: /nvram
   Primary_Block_Device: /dev/block/mmcblk0p12
   Display_Name: NVCFG
   Storage_Name: NVCFG
   Backup_Path: /nvcfg
   Backup_Name: nvcfg
   Backup_Display_Name: NVCFG
   Storage_Path: /nvcfg
   Current_File_System: ext4
   Fstab_File_System: ext4
   Backup_Method: files

/nvdata | /dev/block/mmcblk0p13 | Size: 51MB Used: 1MB Free: 50MB Backup Size: 1MB
   Flags: Can_Be_Mounted Can_Be_Wiped Can_Be_Backed_Up Is_SubPartition IsPresent 
   SubPartition_Of: /nvram
   Primary_Block_Device: /dev/block/mmcblk0p13
   Display_Name: NVDATA
   Storage_Name: NVDATA
   Backup_Path: /nvdata
   Backup_Name: nvdata
   Backup_Display_Name: NVDATA
   Storage_Path: /nvdata
   Current_File_System: ext4
   Fstab_File_System: ext4
   Backup_Method: files

/nvram | /dev/block/mmcblk0p34 | Size: 64MB
   Flags: Can_Be_Backed_Up Has_SubPartition IsPresent 
   Primary_Block_Device: /dev/block/mmcblk0p34
   Display_Name: NVRAM
   Storage_Name: NVRAM
   Backup_Path: /nvram
   Backup_Name: nvram
   Backup_Display_Name: NVRAM
   Storage_Path: /nvram
   Current_File_System: emmc
   Fstab_File_System: emmc
   Backup_Method: dd

/persistent | /dev/block/mmcblk0p11 | Size: 1MB
   Flags: Can_Be_Backed_Up IsPresent 
   Primary_Block_Device: /dev/block/mmcblk0p11
   Display_Name: FRP
   Storage_Name: FRP
   Backup_Path: /persistent
   Backup_Name: persistent
   Backup_Display_Name: FRP
   Storage_Path: /persistent
   Current_File_System: emmc
   Fstab_File_System: emmc
   Backup_Method: dd

/proinfo | /dev/block/mmcblk0p21 | Size: 3MB
   Flags: Can_Be_Backed_Up IsPresent 
   Primary_Block_Device: /dev/block/mmcblk0p21
   Display_Name: Proinfo
   Storage_Name: Proinfo
   Backup_Path: /proinfo
   Backup_Name: proinfo
   Backup_Display_Name: Proinfo
   Storage_Path: /proinfo
   Current_File_System: emmc
   Fstab_File_System: emmc
   Backup_Method: dd

/protect_f | /dev/block/mmcblk0p16 | Size: 3MB Used: 0MB Free: 3MB Backup Size: 0MB
   Flags: Can_Be_Mounted Can_Be_Wiped Can_Be_Backed_Up IsPresent 
   Primary_Block_Device: /dev/block/mmcblk0p16
   Display_Name: Protect F
   Storage_Name: Protect F
   Backup_Path: /protect_f
   Backup_Name: protect_f
   Backup_Display_Name: Protect F
   Storage_Path: /protect_f
   Current_File_System: ext4
   Fstab_File_System: ext4
   Backup_Method: files

/protect_s | /dev/block/mmcblk0p17 | Size: 11MB Used: 0MB Free: 11MB Backup Size: 0MB
   Flags: Can_Be_Mounted Can_Be_Wiped Can_Be_Backed_Up IsPresent 
   Primary_Block_Device: /dev/block/mmcblk0p17
   Display_Name: Protect S
   Storage_Name: Protect S
   Backup_Path: /protect_s
   Backup_Name: protect_s
   Backup_Display_Name: Protect S
   Storage_Path: /protect_s
   Current_File_System: ext4
   Fstab_File_System: ext4
   Backup_Method: files

/recovery | /dev/block/mmcblk0p2 | Size: 98MB
   Flags: Can_Be_Backed_Up IsPresent Can_Flash_Img 
   Primary_Block_Device: /dev/block/mmcblk0p2
   Display_Name: Recovery
   Storage_Name: Recovery
   Backup_Path: /recovery
   Backup_Name: recovery
   Backup_Display_Name: Recovery
   Storage_Path: /recovery
   Current_File_System: emmc
   Fstab_File_System: emmc
   Backup_Method: dd

/usb_otg |  | Size: 0MB Used: 0MB Free: 0MB Backup Size: 0MB
   Flags: Can_Be_Mounted Can_Be_Wiped Wipe_Available_in_GUI Removable Is_Storage 
   Primary_Block_Device: /dev/block/sda1
   Alternate_Block_Device: /dev/block/sda
   Display_Name: USB-Storage
   Storage_Name: USB-Storage
   Backup_Path: /usb_otg
   Backup_Name: usb_otg
   Backup_Display_Name: USB-Storage
   Storage_Path: /usb_otg
   Current_File_System: auto
   Fstab_File_System: auto
   Backup_Method: files
   MTP_Storage_ID: 65538

/vbmeta | /dev/block/mmcblk0p44 | Size: 8MB
   Flags: Can_Be_Backed_Up IsPresent Can_Flash_Img 
   Primary_Block_Device: /dev/block/mmcblk0p44
   Display_Name: VBMeta
   Storage_Name: VBMeta
   Backup_Path: /vbmeta
   Backup_Name: vbmeta
   Backup_Display_Name: VBMeta
   Storage_Path: /vbmeta
   Current_File_System: emmc
   Fstab_File_System: emmc
   Backup_Method: dd

/vbmeta_system | /dev/block/mmcblk0p9 | Size: 8MB
   Flags: Can_Be_Backed_Up IsPresent Can_Flash_Img 
   Primary_Block_Device: /dev/block/mmcblk0p9
   Display_Name: VBMeta System
   Storage_Name: VBMeta System
   Backup_Path: /vbmeta_system
   Backup_Name: vbmeta_system
   Backup_Display_Name: VBMeta System
   Storage_Path: /vbmeta_system
   Current_File_System: emmc
   Fstab_File_System: emmc
   Backup_Method: dd

/vbmeta_vendor | /dev/block/mmcblk0p10 | Size: 8MB
   Flags: Can_Be_Backed_Up IsPresent Can_Flash_Img 
   Primary_Block_Device: /dev/block/mmcblk0p10
   Display_Name: VBMeta Vendor
   Storage_Name: VBMeta Vendor
   Backup_Path: /vbmeta_vendor
   Backup_Name: vbmeta_vendor
   Backup_Display_Name: VBMeta Vendor
   Storage_Path: /vbmeta_vendor
   Current_File_System: emmc
   Fstab_File_System: emmc
   Backup_Method: dd

/metadata | /dev/block/mmcblk0p14 | Size: 15MB Used: 0MB Free: 15MB Backup Size: 0MB
   Flags: Can_Be_Mounted Can_Be_Wiped Wipe_Available_in_GUI IsPresent 
   Primary_Block_Device: /dev/block/mmcblk0p14
   Display_Name: Metadata
   Storage_Name: Metadata
   Backup_Path: /metadata
   Backup_Name: metadata
   Backup_Display_Name: Metadata
   Storage_Path: /metadata
   Current_File_System: ext4
   Fstab_File_System: ext4
   Backup_Method: files
   Mount_Flags: 1030, Mount_Options: discard

/data | /dev/block/mmcblk0p46 | Size: 0MB Used: 0MB Free: 0MB Backup Size: 0MB
   Flags: Can_Be_Mounted Can_Be_Wiped Can_Be_Backed_Up Wipe_During_Factory_Reset Wipe_Available_in_GUI IsPresent Can_Be_Encrypted Is_Encrypted Has_Data_Media Can_Encrypt_Backup Use_Userdata_Encryption Is_Storage Is_Settings_Storage 
   Symlink_Path: /data/media
   Symlink_Mount_Point: /sdcard
   Primary_Block_Device: /dev/block/mmcblk0p46
   Display_Name: Data
   Storage_Name: Internal Storage
   Backup_Path: /data
   Backup_Name: data
   Backup_Display_Name: Data
   Storage_Path: /data/media
   Current_File_System: f2fs
   Fstab_File_System: f2fs
   Backup_Method: files
   Mount_Flags: 1030, Mount_Options: discard,noflush_merge,fsync_mode=nobarrier,reserve_root=134217,resgid=1065,inlinecrypt
   MTP_Storage_ID: 65539
   Metadata Key Directory: /metadata/vold/metadata_encryption

/super | /dev/block/by-name/super | Size: 0MB
   Flags: Can_Be_Backed_Up IsPresent Can_Flash_Img 
   Alternate_Block_Device: /dev/block/by-name/super
   Display_Name: super
   Backup_Path: /super
   Backup_Name: super
   Backup_Display_Name: Super (system vendor product odm)
   Current_File_System: emmc
   Backup_Method: dd

--------------------------
Welcome to OrangeFox Recovery!
[Release]   : R12.0_1
[Variant]   : default
[Codebase]  : 32, 2026-08-11 (388f8a3f)
[Branch]    : fox_12.1
[Build date]: Mon Aug 17 03:21:00 2026
[Build type]: Unofficial
[Support]   : No official support for unknown builds

OrangeFox websites:
[Downloads] : https://orangefox.download/
[Guides/FAQ]: https://wiki.orangefox.tech/guides/
--------------------------
I:DEBUG: OrangeFox: the startup script has been executed.
I:Unable to locate file: product/etc/build.prop
I:Unable to locate file: product/etc/build.prop
I:Unable to locate file: product/etc/build.prop
I:Unable to locate file: product/etc/build.prop
I:Unable to locate file: product/etc/build.prop
* Storage is encrypted
* Platform:   CPH2269
* Device:     CPH2269 (CPH2269)
* Dynamic:    yes
* Custom ROM (SDK:33, Android 13)
* TQ3A.230901.001
* (1629972958632)
* Fingerprint: alps/vnd_oppo6765/oppo6765:11/RP1A.200720.011/1629972958632:user/release-keys
--------------------------
I:ROM Status: TQ3A.230901.001
I:ADB & MTP disabled by maintainer
I:Starting Adb Backup FIFO
I:PassBak: Loaded backup
I:OrangeFox: Disabling stock recovery [search-dir=/system_root/system]...
I:OrangeFox: checking /system_root/system ...
I:OrangeFox: checking /system ...
I:OrangeFox: checking /vendor ...
I:Switching packages (OrangeFox)
I:Set page: 'main'
I:Set overlay: ''
I:Set page: 'clear_vars'
I:Set page: 'ext_custom_status'
I:operation_start: 'Start MTP'
I:[MTP] Starting MTP
I:sending message to add 65537 '/external_sd' 'Micro SDCard'
I:Message sent, add storage ID: 65537 '/external_sd'
I:Can't probe device /dev/block/mmcblk0p46
I:Unable to mount '/data'
I:Actual block device: '/dev/block/mmcblk0p46', current file system: 'f2fs'
I:operation_end - status=0
I:Set overlay: ''
I:operation_start: 'ADB'
I:Set page: 'clear_vars'
I:Set page: 'navbar'
I:Set page: 'filemanagerlist'
I:operation_end - status=0
I:Set page: 'filemanagerlist'
I:Set overlay: 'console'
I:[MTP] created new mtpserver object
E:[MTP] Failed to start usb driver!
I:[MTP] mtppipe add storage 65537 '/external_sd'
I:Set overlay: ''
I:Set overlay: 'console'
I:Set overlay: ''
I:Set page: 'advanced'
I:Set page: 'confirm_action'
I:Set page: 'clear_vars'
I:Set page: 'advanced'
I:Set page: 'confirm_action'
I:Set page: 'clear_vars'
I:Set page: 'advanced'
I:Set page: 'wipe'
I:Set page: 'filemanagerlist'
I:Set page: 'files_redirect'
I:Set page: 'filemanageroptions'
I:Set page: 'filemanagerlist'
I:Set page: 'file_quick_actions'
I:Set page: 'filemanagerlist'
I:Set page: 'filemanageroptions'
I:Set page: 'filemanagerconfirm'
I:Set page: 'filemanageraction'
I:operation_start: 'CommandOutput'
I:Actual command is: 'cd "/external_sd" && rm -rf '/external_sd/boot.bin' 2>&1'
I:Set page: 'filemanagercomplete'
I:Set page: 'clear_vars'
I:Set page: 'filemanagerlist'
I:Set page: 'files_redirect'
I:Set page: 'cat_file'
Reading file: /external_sd/recovery.log
Done
I:Set page: 'filemanagerlist'
I:Set page: 'filemanageroptions'
I:Set page: 'filemanagerconfirm'
I:Set page: 'filemanageraction'
I:operation_start: 'CommandOutput'
I:Actual command is: 'cd "/external_sd" && rm -rf '/external_sd/recovery.log' 2>&1'
I:Set page: 'filemanagercomplete'
I:Set page: 'clear_vars'
I:Set page: 'filemanagerlist'
I:Set page: 'files_redirect'
I:Set page: 'cat_file'
Reading file: /
Done
I:Set page: 'file_quick_actions'
I:Set overlay: 'console'
I:Set overlay: 'console'
I:Set overlay: ''
I:Set page: 'filemanagerlist'
I:Set page: 'filemanageroptions'
I:Set page: 'filemanagerconfirm'
I:Set page: 'filemanageraction'
I:operation_start: 'CommandOutput'
I:Actual command is: 'cd "/external_sd" && rm -rf '/external_sd/logcat.log' 2>&1'
I:Set page: 'filemanagercomplete'
I:Set page: 'clear_vars'
I:Set page: 'filemanagerlist'
I:Set page: 'files_redirect'
I:Set page: 'cat_file'
Reading file: /external_sd/dmesg.log
Done
I:Set page: 'filemanagerlist'
I:Set page: 'filemanageroptions'
I:Set page: 'filemanagerconfirm'
I:Set page: 'filemanageraction'
I:operation_start: 'CommandOutput'
I:Actual command is: 'cd "/external_sd" && rm -rf '/external_sd/dmesg.log' 2>&1'
I:Set page: 'filemanagercomplete'
I:Set page: 'clear_vars'
I:Set page: 'filemanagerlist'
I:Set page: 'advanced'
I:Set page: 'confirm_action'
I:Backup folder set to '/external_sd/Fox/BACKUPS/9DVO8PRSIFVONRKJ'
I:Set page: 'action_page'
I:operation_start: 'Copy Log'
